Command line invocation:
    /Applications/Xcode.app/Contents/Developer/usr/bin/xcodebuild -project EchoSaath.xcodeproj -scheme EchoSaath -destination "generic/platform=iOS Simulator" build

2026-04-03 14:44:02.389 xcodebuild[82482:1989882] [MT] IDERunDestination: Supported platforms for the buildables in the current scheme is empty.
ComputePackagePrebuildTargetDependencyGraph

Prepare packages

CreateBuildRequest

SendProjectDescription

CreateBuildOperation

ComputeTargetDependencyGraph
note: Building targets in dependency order
note: Target dependency graph (2 targets)
    Target 'EchoSaath' in project 'EchoSaath'
        ➜ Explicit dependency on target 'EchoSaathWidgetExtension' in project 'EchoSaath'
    Target 'EchoSaathWidgetExtension' in project 'EchoSaath' (no dependencies)

GatherProvisioningInputs

CreateBuildDescription

ExecuteExternalTool /Applications/Xcode.app/Contents/Developer/usr/bin/actool --version --output-format xml1

ExecuteExternalTool /Applications/Xcode.app/Contents/Developer/Toolchains/XcodeDefault.xctoolchain/usr/bin/clang -v -E -dM -isysroot /Applications/Xcode.app/Contents/Developer/Platforms/iPhoneSimulator.platform/Developer/SDKs/iPhoneSimulator26.4.sdk -x c -c /dev/null

ExecuteExternalTool /Applications/Xcode.app/Contents/Developer/usr/bin/momc --dry-run --action generate --swift-version 5.0 --sdkroot /Applications/Xcode.app/Contents/Developer/Platforms/iPhoneSimulator.platform/Developer/SDKs/iPhoneSimulator26.4.sdk --iphonesimulator-deployment-target 26.2 --module EchoSaath /Users/javintrivedi/Documents/xcode/EchoSaath/EchoSaath/EchoSaath.xcdatamodeld /Users/javintrivedi/Library/Developer/Xcode/DerivedData/EchoSaath-egqhkqzuadmujifhknbavknbpflp/Build/Intermediates.noindex/EchoSaath.build/Debug-iphonesimulator/EchoSaath.build/DerivedSources/CoreDataGenerated/EchoSaath

ExecuteExternalTool /Applications/Xcode.app/Contents/Developer/Toolchains/XcodeDefault.xctoolchain/usr/bin/swiftc --version

ExecuteExternalTool /Applications/Xcode.app/Contents/Developer/usr/bin/actool --print-asset-tag-combinations --output-format xml1 /Users/javintrivedi/Documents/xcode/EchoSaath/EchoSaath/Assets.xcassets

ExecuteExternalTool /Applications/Xcode.app/Contents/Developer/Toolchains/XcodeDefault.xctoolchain/usr/bin/ld -version_details

Build description signature: 0248887225bfaeb0c5cda25df8949e6e
Build description path: /Users/javintrivedi/Library/Developer/Xcode/DerivedData/EchoSaath-egqhkqzuadmujifhknbavknbpflp/Build/Intermediates.noindex/XCBuildData/0248887225bfaeb0c5cda25df8949e6e.xcbuilddata
ClangStatCache /Applications/Xcode.app/Contents/Developer/Toolchains/XcodeDefault.xctoolchain/usr/bin/clang-stat-cache /Applications/Xcode.app/Contents/Developer/Platforms/iPhoneSimulator.platform/Developer/SDKs/iPhoneSimulator26.4.sdk /Users/javintrivedi/Library/Developer/Xcode/DerivedData/SDKStatCaches.noindex/iphonesimulator26.4-23E237-686eebb5dc1d8ecb277353a59184f4aa.sdkstatcache
    cd /Users/javintrivedi/Documents/xcode/EchoSaath/EchoSaath.xcodeproj
    /Applications/Xcode.app/Contents/Developer/Toolchains/XcodeDefault.xctoolchain/usr/bin/clang-stat-cache /Applications/Xcode.app/Contents/Developer/Platforms/iPhoneSimulator.platform/Developer/SDKs/iPhoneSimulator26.4.sdk -o /Users/javintrivedi/Library/Developer/Xcode/DerivedData/SDKStatCaches.noindex/iphonesimulator26.4-23E237-686eebb5dc1d8ecb277353a59184f4aa.sdkstatcache

CompileAssetCatalogVariant thinned /Users/javintrivedi/Library/Developer/Xcode/DerivedData/EchoSaath-egqhkqzuadmujifhknbavknbpflp/Build/Products/Debug-iphonesimulator/EchoSaath.app /Users/javintrivedi/Documents/xcode/EchoSaath/EchoSaath/Assets.xcassets (in target 'EchoSaath' from project 'EchoSaath')
    cd /Users/javintrivedi/Documents/xcode/EchoSaath
    /Applications/Xcode.app/Contents/Developer/usr/bin/actool /Users/javintrivedi/Documents/xcode/EchoSaath/EchoSaath/Assets.xcassets --compile /Users/javintrivedi/Library/Developer/Xcode/DerivedData/EchoSaath-egqhkqzuadmujifhknbavknbpflp/Build/Intermediates.noindex/EchoSaath.build/Debug-iphonesimulator/EchoSaath.build/assetcatalog_output/thinned --output-format human-readable-text --notices --warnings --export-dependency-info /Users/javintrivedi/Library/Developer/Xcode/DerivedData/EchoSaath-egqhkqzuadmujifhknbavknbpflp/Build/Intermediates.noindex/EchoSaath.build/Debug-iphonesimulator/EchoSaath.build/assetcatalog_dependencies_thinned --output-partial-info-plist /Users/javintrivedi/Library/Developer/Xcode/DerivedData/EchoSaath-egqhkqzuadmujifhknbavknbpflp/Build/Intermediates.noindex/EchoSaath.build/Debug-iphonesimulator/EchoSaath.build/assetcatalog_generated_info.plist_thinned --app-icon AppIcon --include-all-app-icons --accent-color AccentColor --compress-pngs --enable-on-demand-resources YES --development-region en --target-device iphone --target-device ipad --minimum-deployment-target 26.2 --platform iphonesimulator

SwiftDriver EchoSaath normal x86_64 com.apple.xcode.tools.swift.compiler (in target 'EchoSaath' from project 'EchoSaath')
    cd /Users/javintrivedi/Documents/xcode/EchoSaath
    builtin-SwiftDriver -- /Applications/Xcode.app/Contents/Developer/Toolchains/XcodeDefault.xctoolchain/usr/bin/swiftc -module-name EchoSaath -Onone @/Users/javintrivedi/Library/Developer/Xcode/DerivedData/EchoSaath-egqhkqzuadmujifhknbavknbpflp/Build/Intermediates.noindex/EchoSaath.build/Debug-iphonesimulator/EchoSaath.build/Objects-normal/x86_64/EchoSaath.SwiftFileList -DDEBUG -default-isolation\=MainActor -enable-bare-slash-regex -enable-upcoming-feature DisableOutwardActorInference -enable-upcoming-feature InferSendableFromCaptures -enable-upcoming-feature GlobalActorIsolatedTypesUsability -enable-upcoming-feature MemberImportVisibility -enable-upcoming-feature InferIsolatedConformances -enable-upcoming-feature NonisolatedNonsendingByDefault -enable-experimental-feature DebugDescriptionMacro -sdk /Applications/Xcode.app/Contents/Developer/Platforms/iPhoneSimulator.platform/Developer/SDKs/iPhoneSimulator26.4.sdk -target x86_64-apple-ios26.2-simulator -g -module-cache-path /Users/javintrivedi/Library/Developer/Xcode/DerivedData/ModuleCache.noindex -Xfrontend -serialize-debugging-options -enable-testing -index-store-path /Users/javintrivedi/Library/Developer/Xcode/DerivedData/EchoSaath-egqhkqzuadmujifhknbavknbpflp/Index.noindex/DataStore -Xcc -D_LIBCPP_HARDENING_MODE\=_LIBCPP_HARDENING_MODE_DEBUG -swift-version 5 -I /Users/javintrivedi/Library/Developer/Xcode/DerivedData/EchoSaath-egqhkqzuadmujifhknbavknbpflp/Build/Products/Debug-iphonesimulator -F /Users/javintrivedi/Library/Developer/Xcode/DerivedData/EchoSaath-egqhkqzuadmujifhknbavknbpflp/Build/Products/Debug-iphonesimulator -emit-localized-strings -emit-localized-strings-path /Users/javintrivedi/Library/Developer/Xcode/DerivedData/EchoSaath-egqhkqzuadmujifhknbavknbpflp/Build/Intermediates.noindex/EchoSaath.build/Debug-iphonesimulator/EchoSaath.build/Objects-normal/x86_64 -c -j8 -enable-batch-mode -incremental -Xcc -ivfsstatcache -Xcc /Users/javintrivedi/Library/Developer/Xcode/DerivedData/SDKStatCaches.noindex/iphonesimulator26.4-23E237-686eebb5dc1d8ecb277353a59184f4aa.sdkstatcache -output-file-map /Users/javintrivedi/Library/Developer/Xcode/DerivedData/EchoSaath-egqhkqzuadmujifhknbavknbpflp/Build/Intermediates.noindex/EchoSaath.build/Debug-iphonesimulator/EchoSaath.build/Objects-normal/x86_64/EchoSaath-OutputFileMap.json -use-frontend-parseable-output -save-temps -no-color-diagnostics -explicit-module-build -module-cache-path /Users/javintrivedi/Library/Developer/Xcode/DerivedData/EchoSaath-egqhkqzuadmujifhknbavknbpflp/Build/Intermediates.noindex/SwiftExplicitPrecompiledModules -clang-scanner-module-cache-path /Users/javintrivedi/Library/Developer/Xcode/DerivedData/ModuleCache.noindex -sdk-module-cache-path /Users/javintrivedi/Library/Developer/Xcode/DerivedData/ModuleCache.noindex -serialize-diagnostics -emit-dependencies -emit-module -emit-module-path /Users/javintrivedi/Library/Developer/Xcode/DerivedData/EchoSaath-egqhkqzuadmujifhknbavknbpflp/Build/Intermediates.noindex/EchoSaath.build/Debug-iphonesimulator/EchoSaath.build/Objects-normal/x86_64/EchoSaath.swiftmodule -validate-clang-modules-once -clang-build-session-file /Users/javintrivedi/Library/Developer/Xcode/DerivedData/ModuleCache.noindex/Session.modulevalidation -Xcc -I/Users/javintrivedi/Library/Developer/Xcode/DerivedData/EchoSaath-egqhkqzuadmujifhknbavknbpflp/Build/Intermediates.noindex/EchoSaath.build/Debug-iphonesimulator/EchoSaath.build/swift-overrides.hmap -emit-const-values -Xfrontend -const-gather-protocols-file -Xfrontend /Users/javintrivedi/Library/Developer/Xcode/DerivedData/EchoSaath-egqhkqzuadmujifhknbavknbpflp/Build/Intermediates.noindex/EchoSaath.build/Debug-iphonesimulator/EchoSaath.build/Objects-normal/x86_64/EchoSaath_const_extract_protocols.json -Xcc -iquote -Xcc /Users/javintrivedi/Library/Developer/Xcode/DerivedData/EchoSaath-egqhkqzuadmujifhknbavknbpflp/Build/Intermediates.noindex/EchoSaath.build/Debug-iphonesimulator/EchoSaath.build/EchoSaath-generated-files.hmap -Xcc -I/Users/javintrivedi/Library/Developer/Xcode/DerivedData/EchoSaath-egqhkqzuadmujifhknbavknbpflp/Build/Intermediates.noindex/EchoSaath.build/Debug-iphonesimulator/EchoSaath.build/EchoSaath-own-target-headers.hmap -Xcc -I/Users/javintrivedi/Library/Developer/Xcode/DerivedData/EchoSaath-egqhkqzuadmujifhknbavknbpflp/Build/Intermediates.noindex/EchoSaath.build/Debug-iphonesimulator/EchoSaath.build/EchoSaath-all-target-headers.hmap -Xcc -iquote -Xcc /Users/javintrivedi/Library/Developer/Xcode/DerivedData/EchoSaath-egqhkqzuadmujifhknbavknbpflp/Build/Intermediates.noindex/EchoSaath.build/Debug-iphonesimulator/EchoSaath.build/EchoSaath-project-headers.hmap -Xcc -I/Users/javintrivedi/Library/Developer/Xcode/DerivedData/EchoSaath-egqhkqzuadmujifhknbavknbpflp/Build/Products/Debug-iphonesimulator/include -Xcc -I/Users/javintrivedi/Library/Developer/Xcode/DerivedData/EchoSaath-egqhkqzuadmujifhknbavknbpflp/Build/Intermediates.noindex/EchoSaath.build/Debug-iphonesimulator/EchoSaath.build/DerivedSources-normal/x86_64 -Xcc -I/Users/javintrivedi/Library/Developer/Xcode/DerivedData/EchoSaath-egqhkqzuadmujifhknbavknbpflp/Build/Intermediates.noindex/EchoSaath.build/Debug-iphonesimulator/EchoSaath.build/DerivedSources/x86_64 -Xcc -I/Users/javintrivedi/Library/Developer/Xcode/DerivedData/EchoSaath-egqhkqzuadmujifhknbavknbpflp/Build/Intermediates.noindex/EchoSaath.build/Debug-iphonesimulator/EchoSaath.build/DerivedSources -Xcc -DDEBUG\=1 -emit-objc-header -emit-objc-header-path /Users/javintrivedi/Library/Developer/Xcode/DerivedData/EchoSaath-egqhkqzuadmujifhknbavknbpflp/Build/Intermediates.noindex/EchoSaath.build/Debug-iphonesimulator/EchoSaath.build/Objects-normal/x86_64/EchoSaath-Swift.h -working-directory /Users/javintrivedi/Documents/xcode/EchoSaath -experimental-emit-module-separately -disable-cmo

SwiftDriver EchoSaath normal arm64 com.apple.xcode.tools.swift.compiler (in target 'EchoSaath' from project 'EchoSaath')
    cd /Users/javintrivedi/Documents/xcode/EchoSaath
    builtin-SwiftDriver -- /Applications/Xcode.app/Contents/Developer/Toolchains/XcodeDefault.xctoolchain/usr/bin/swiftc -module-name EchoSaath -Onone @/Users/javintrivedi/Library/Developer/Xcode/DerivedData/EchoSaath-egqhkqzuadmujifhknbavknbpflp/Build/Intermediates.noindex/EchoSaath.build/Debug-iphonesimulator/EchoSaath.build/Objects-normal/arm64/EchoSaath.SwiftFileList -DDEBUG -default-isolation\=MainActor -enable-bare-slash-regex -enable-upcoming-feature DisableOutwardActorInference -enable-upcoming-feature InferSendableFromCaptures -enable-upcoming-feature GlobalActorIsolatedTypesUsability -enable-upcoming-feature MemberImportVisibility -enable-upcoming-feature InferIsolatedConformances -enable-upcoming-feature NonisolatedNonsendingByDefault -enable-experimental-feature DebugDescriptionMacro -sdk /Applications/Xcode.app/Contents/Developer/Platforms/iPhoneSimulator.platform/Developer/SDKs/iPhoneSimulator26.4.sdk -target arm64-apple-ios26.2-simulator -g -module-cache-path /Users/javintrivedi/Library/Developer/Xcode/DerivedData/ModuleCache.noindex -Xfrontend -serialize-debugging-options -enable-testing -index-store-path /Users/javintrivedi/Library/Developer/Xcode/DerivedData/EchoSaath-egqhkqzuadmujifhknbavknbpflp/Index.noindex/DataStore -Xcc -D_LIBCPP_HARDENING_MODE\=_LIBCPP_HARDENING_MODE_DEBUG -swift-version 5 -I /Users/javintrivedi/Library/Developer/Xcode/DerivedData/EchoSaath-egqhkqzuadmujifhknbavknbpflp/Build/Products/Debug-iphonesimulator -F /Users/javintrivedi/Library/Developer/Xcode/DerivedData/EchoSaath-egqhkqzuadmujifhknbavknbpflp/Build/Products/Debug-iphonesimulator -emit-localized-strings -emit-localized-strings-path /Users/javintrivedi/Library/Developer/Xcode/DerivedData/EchoSaath-egqhkqzuadmujifhknbavknbpflp/Build/Intermediates.noindex/EchoSaath.build/Debug-iphonesimulator/EchoSaath.build/Objects-normal/arm64 -c -j8 -enable-batch-mode -incremental -Xcc -ivfsstatcache -Xcc /Users/javintrivedi/Library/Developer/Xcode/DerivedData/SDKStatCaches.noindex/iphonesimulator26.4-23E237-686eebb5dc1d8ecb277353a59184f4aa.sdkstatcache -output-file-map /Users/javintrivedi/Library/Developer/Xcode/DerivedData/EchoSaath-egqhkqzuadmujifhknbavknbpflp/Build/Intermediates.noindex/EchoSaath.build/Debug-iphonesimulator/EchoSaath.build/Objects-normal/arm64/EchoSaath-OutputFileMap.json -use-frontend-parseable-output -save-temps -no-color-diagnostics -explicit-module-build -module-cache-path /Users/javintrivedi/Library/Developer/Xcode/DerivedData/EchoSaath-egqhkqzuadmujifhknbavknbpflp/Build/Intermediates.noindex/SwiftExplicitPrecompiledModules -clang-scanner-module-cache-path /Users/javintrivedi/Library/Developer/Xcode/DerivedData/ModuleCache.noindex -sdk-module-cache-path /Users/javintrivedi/Library/Developer/Xcode/DerivedData/ModuleCache.noindex -serialize-diagnostics -emit-dependencies -emit-module -emit-module-path /Users/javintrivedi/Library/Developer/Xcode/DerivedData/EchoSaath-egqhkqzuadmujifhknbavknbpflp/Build/Intermediates.noindex/EchoSaath.build/Debug-iphonesimulator/EchoSaath.build/Objects-normal/arm64/EchoSaath.swiftmodule -validate-clang-modules-once -clang-build-session-file /Users/javintrivedi/Library/Developer/Xcode/DerivedData/ModuleCache.noindex/Session.modulevalidation -Xcc -I/Users/javintrivedi/Library/Developer/Xcode/DerivedData/EchoSaath-egqhkqzuadmujifhknbavknbpflp/Build/Intermediates.noindex/EchoSaath.build/Debug-iphonesimulator/EchoSaath.build/swift-overrides.hmap -emit-const-values -Xfrontend -const-gather-protocols-file -Xfrontend /Users/javintrivedi/Library/Developer/Xcode/DerivedData/EchoSaath-egqhkqzuadmujifhknbavknbpflp/Build/Intermediates.noindex/EchoSaath.build/Debug-iphonesimulator/EchoSaath.build/Objects-normal/arm64/EchoSaath_const_extract_protocols.json -Xcc -iquote -Xcc /Users/javintrivedi/Library/Developer/Xcode/DerivedData/EchoSaath-egqhkqzuadmujifhknbavknbpflp/Build/Intermediates.noindex/EchoSaath.build/Debug-iphonesimulator/EchoSaath.build/EchoSaath-generated-files.hmap -Xcc -I/Users/javintrivedi/Library/Developer/Xcode/DerivedData/EchoSaath-egqhkqzuadmujifhknbavknbpflp/Build/Intermediates.noindex/EchoSaath.build/Debug-iphonesimulator/EchoSaath.build/EchoSaath-own-target-headers.hmap -Xcc -I/Users/javintrivedi/Library/Developer/Xcode/DerivedData/EchoSaath-egqhkqzuadmujifhknbavknbpflp/Build/Intermediates.noindex/EchoSaath.build/Debug-iphonesimulator/EchoSaath.build/EchoSaath-all-target-headers.hmap -Xcc -iquote -Xcc /Users/javintrivedi/Library/Developer/Xcode/DerivedData/EchoSaath-egqhkqzuadmujifhknbavknbpflp/Build/Intermediates.noindex/EchoSaath.build/Debug-iphonesimulator/EchoSaath.build/EchoSaath-project-headers.hmap -Xcc -I/Users/javintrivedi/Library/Developer/Xcode/DerivedData/EchoSaath-egqhkqzuadmujifhknbavknbpflp/Build/Products/Debug-iphonesimulator/include -Xcc -I/Users/javintrivedi/Library/Developer/Xcode/DerivedData/EchoSaath-egqhkqzuadmujifhknbavknbpflp/Build/Intermediates.noindex/EchoSaath.build/Debug-iphonesimulator/EchoSaath.build/DerivedSources-normal/arm64 -Xcc -I/Users/javintrivedi/Library/Developer/Xcode/DerivedData/EchoSaath-egqhkqzuadmujifhknbavknbpflp/Build/Intermediates.noindex/EchoSaath.build/Debug-iphonesimulator/EchoSaath.build/DerivedSources/arm64 -Xcc -I/Users/javintrivedi/Library/Developer/Xcode/DerivedData/EchoSaath-egqhkqzuadmujifhknbavknbpflp/Build/Intermediates.noindex/EchoSaath.build/Debug-iphonesimulator/EchoSaath.build/DerivedSources -Xcc -DDEBUG\=1 -emit-objc-header -emit-objc-header-path /Users/javintrivedi/Library/Developer/Xcode/DerivedData/EchoSaath-egqhkqzuadmujifhknbavknbpflp/Build/Intermediates.noindex/EchoSaath.build/Debug-iphonesimulator/EchoSaath.build/Objects-normal/arm64/EchoSaath-Swift.h -working-directory /Users/javintrivedi/Documents/xcode/EchoSaath -experimental-emit-module-separately -disable-cmo

ProcessInfoPlistFile /Users/javintrivedi/Library/Developer/Xcode/DerivedData/EchoSaath-egqhkqzuadmujifhknbavknbpflp/Build/Products/Debug-iphonesimulator/EchoSaathWidgetExtension.appex/Info.plist /Users/javintrivedi/Documents/xcode/EchoSaath/EchoSaathWidget/Info.plist (in target 'EchoSaathWidgetExtension' from project 'EchoSaath')
    cd /Users/javintrivedi/Documents/xcode/EchoSaath
    builtin-infoPlistUtility /Users/javintrivedi/Documents/xcode/EchoSaath/EchoSaathWidget/Info.plist -producttype com.apple.product-type.app-extension -expandbuildsettings -format binary -platform iphonesimulator -additionalcontentfile /Users/javintrivedi/Library/Developer/Xcode/DerivedData/EchoSaath-egqhkqzuadmujifhknbavknbpflp/Build/Intermediates.noindex/EchoSaath.build/Debug-iphonesimulator/EchoSaathWidgetExtension.build/assetcatalog_generated_info.plist -o /Users/javintrivedi/Library/Developer/Xcode/DerivedData/EchoSaath-egqhkqzuadmujifhknbavknbpflp/Build/Products/Debug-iphonesimulator/EchoSaathWidgetExtension.appex/Info.plist

SwiftCompile normal arm64 Compiling\ EditContactView.swift,\ MonitoringSetupView.swift,\ ProfileSetupView.swift,\ RootView.swift,\ TrustedContactsView.swift /Users/javintrivedi/Documents/xcode/EchoSaath/EchoSaath/Setup/EditContactView.swift /Users/javintrivedi/Documents/xcode/EchoSaath/EchoSaath/Setup/MonitoringSetupView.swift /Users/javintrivedi/Documents/xcode/EchoSaath/EchoSaath/Setup/ProfileSetupView.swift /Users/javintrivedi/Documents/xcode/EchoSaath/EchoSaath/Setup/RootView.swift /Users/javintrivedi/Documents/xcode/EchoSaath/EchoSaath/Setup/TrustedContactsView.swift (in target 'EchoSaath' from project 'EchoSaath')
SwiftCompile normal arm64 /Users/javintrivedi/Documents/xcode/EchoSaath/EchoSaath/Setup/EditContactView.swift (in target 'EchoSaath' from project 'EchoSaath')
    cd /Users/javintrivedi/Documents/xcode/EchoSaath
    

SwiftCompile normal arm64 /Users/javintrivedi/Documents/xcode/EchoSaath/EchoSaath/Setup/MonitoringSetupView.swift (in target 'EchoSaath' from project 'EchoSaath')
    cd /Users/javintrivedi/Documents/xcode/EchoSaath
    

SwiftCompile normal arm64 /Users/javintrivedi/Documents/xcode/EchoSaath/EchoSaath/Setup/ProfileSetupView.swift (in target 'EchoSaath' from project 'EchoSaath')
    cd /Users/javintrivedi/Documents/xcode/EchoSaath
    

SwiftCompile normal arm64 /Users/javintrivedi/Documents/xcode/EchoSaath/EchoSaath/Setup/RootView.swift (in target 'EchoSaath' from project 'EchoSaath')
    cd /Users/javintrivedi/Documents/xcode/EchoSaath
    

SwiftCompile normal arm64 /Users/javintrivedi/Documents/xcode/EchoSaath/EchoSaath/Setup/TrustedContactsView.swift (in target 'EchoSaath' from project 'EchoSaath')
    cd /Users/javintrivedi/Documents/xcode/EchoSaath
    

SwiftEmitModule normal arm64 Emitting\ module\ for\ EchoSaath (in target 'EchoSaath' from project 'EchoSaath')
Failed frontend command:
/Applications/Xcode.app/Contents/Developer/Toolchains/XcodeDefault.xctoolchain/usr/bin/swift-frontend -frontend -emit-module -experimental-skip-non-inlinable-function-bodies-without-types /Users/javintrivedi/Documents/xcode/EchoSaath/EchoSaath/Main/Notifications/NotificationConfig.swift /Users/javintrivedi/Documents/xcode/EchoSaath/EchoSaath/Main/Notifications/NotificationConfig.template.swift /Users/javintrivedi/Documents/xcode/EchoSaath/EchoSaath/Main/Notifications/NotificationLogger.swift /Users/javintrivedi/Documents/xcode/EchoSaath/EchoSaath/Main/Notifications/NotificationLogView.swift /Users/javintrivedi/Documents/xcode/EchoSaath/EchoSaath/Main/Notifications/NotificationService.swift /Users/javintrivedi/Documents/xcode/EchoSaath/EchoSaath/Main/Notifications/SMSTemplates.swift /Users/javintrivedi/Documents/xcode/EchoSaath/EchoSaath/Main/RouteLearning/PatternLearningEngine.swift /Users/javintrivedi/Documents/xcode/EchoSaath/EchoSaath/Main/RouteLearning/RouteAnalyzer.swift /Users/javintrivedi/Documents/xcode/EchoSaath/EchoSaath/Main/RouteLearning/RouteDetailSheet.swift /Users/javintrivedi/Documents/xcode/EchoSaath/EchoSaath/Main/RouteLearning/RouteMapView.swift /Users/javintrivedi/Documents/xcode/EchoSaath/EchoSaath/Main/RouteLearning/RouteModels.swift /Users/javintrivedi/Documents/xcode/EchoSaath/EchoSaath/Main/RouteLearning/RouteRiskDetector.swift /Users/javintrivedi/Documents/xcode/EchoSaath/EchoSaath/Main/RouteLearning/RouteStore.swift /Users/javintrivedi/Documents/xcode/EchoSaath/EchoSaath/Main/RouteLearning/RouteTracker.swift /Users/javintrivedi/Documents/xcode/EchoSaath/EchoSaath/Main/AlertManager.swift /Users/javintrivedi/Documents/xcode/EchoSaath/EchoSaath/Main/AlertsView.swift /Users/javintrivedi/Documents/xcode/EchoSaath/EchoSaath/Main/EventProcessor.swift /Users/javintrivedi/Documents/xcode/EchoSaath/EchoSaath/Main/HomeView.swift /Users/javintrivedi/Documents/xcode/EchoSaath/EchoSaath/Main/MainTabView.swift /Users/javintrivedi/Documents/xcode/EchoSaath/EchoSaath/Main/Models.swift /Users/javintrivedi/Documents/xcode/EchoSaath/EchoSaath/Main/SensorManager.swift /Users/javintrivedi/Documents/xcode/EchoSaath/EchoSaath/Main/SettingsView.swift /Users/javintrivedi/Documents/xcode/EchoSaath/EchoSaath/Main/ShakeDetector.swift /Users/javintrivedi/Documents/xcode/EchoSaath/EchoSaath/Main/TimelineView.swift /Users/javintrivedi/Documents/xcode/EchoSaath/EchoSaath/Main/TrustedContactsStore.swift /Users/javintrivedi/Documents/xcode/EchoSaath/EchoSaath/Main/UserProfile.swift /Users/javintrivedi/Documents/xcode/EchoSaath/EchoSaath/Main/WidgetDataProvider.swift /Users/javintrivedi/Documents/xcode/EchoSaath/EchoSaath/Onboarding/ControlView.swift /Users/javintrivedi/Documents/xcode/EchoSaath/EchoSaath/Onboarding/EvidenceView.swift /Users/javintrivedi/Documents/xcode/EchoSaath/EchoSaath/Onboarding/SilentSafetyView.swift /Users/javintrivedi/Documents/xcode/EchoSaath/EchoSaath/Onboarding/WelcomeView.swift /Users/javintrivedi/Documents/xcode/EchoSaath/EchoSaath/Onboarding/WhyEchoSaathView.swift /Users/javintrivedi/Documents/xcode/EchoSaath/EchoSaath/Setup/AddContactView.swift /Users/javintrivedi/Documents/xcode/EchoSaath/EchoSaath/Setup/AuthView.swift /Users/javintrivedi/Documents/xcode/EchoSaath/EchoSaath/Setup/AuthViewModel.swift /Users/javintrivedi/Documents/xcode/EchoSaath/EchoSaath/Setup/EditContactView.swift /Users/javintrivedi/Documents/xcode/EchoSaath/EchoSaath/Setup/MonitoringSetupView.swift /Users/javintrivedi/Documents/xcode/EchoSaath/EchoSaath/Setup/ProfileSetupView.swift /Users/javintrivedi/Documents/xcode/EchoSaath/EchoSaath/Setup/RootView.swift /Users/javintrivedi/Documents/xcode/EchoSaath/EchoSaath/Setup/TrustedContactsView.swift /Users/javintrivedi/Documents/xcode/EchoSaath/EchoSaath/EchoSaathApp.swift /Users/javintrivedi/Library/Developer/Xcode/DerivedData/EchoSaath-egqhkqzuadmujifhknbavknbpflp/Build/Intermediates.noindex/EchoSaath.build/Debug-iphonesimulator/EchoSaath.build/DerivedSources/CoreDataGenerated/EchoSaath/Item+CoreDataClass.swift /Users/javintrivedi/Library/Developer/Xcode/DerivedData/EchoSaath-egqhkqzuadmujifhknbavknbpflp/Build/Intermediates.noindex/EchoSaath.build/Debug-iphonesimulator/EchoSaath.build/DerivedSources/CoreDataGenerated/EchoSaath/Item+CoreDataProperties.swift /Users/javintrivedi/Library/Developer/Xcode/DerivedData/EchoSaath-egqhkqzuadmujifhknbavknbpflp/Build/Intermediates.noindex/EchoSaath.build/Debug-iphonesimulator/EchoSaath.build/DerivedSources/CoreDataGenerated/EchoSaath/EchoSaath+CoreDataModel.swift /Users/javintrivedi/Library/Developer/Xcode/DerivedData/EchoSaath-egqhkqzuadmujifhknbavknbpflp/Build/Intermediates.noindex/EchoSaath.build/Debug-iphonesimulator/EchoSaath.build/DerivedSources/GeneratedAssetSymbols.swift -target arm64-apple-ios26.2-simulator -module-can-import-version DeveloperToolsSupport 23.40.26 23.40.26 -module-can-import-version SwiftUI 7.4.27.1 7.4.27 -module-can-import-version UIKit 9126.4.27.1 9126.4.27 -disable-cross-import-overlay-search -swift-module-cross-import CoreData /Applications/Xcode.app/Contents/Developer/Platforms/iPhoneSimulator.platform/Developer/SDKs/iPhoneSimulator.sdk/System/Library/Frameworks/CoreData.framework/Modules/CoreData.swiftcrossimport/CloudKit.swiftoverlay -swift-module-cross-import CoreData /Applications/Xcode.app/Contents/Developer/Platforms/iPhoneSimulator.platform/Developer/SDKs/iPhoneSimulator26.4.sdk/System/Library/Frameworks/CoreData.framework/Modules/CoreData.swiftcrossimport/CloudKit.swiftoverlay -swift-module-cross-import MapKit /Applications/Xcode.app/Contents/Developer/Platforms/iPhoneSimulator.platform/Developer/SDKs/iPhoneSimulator.sdk/System/Library/Frameworks/MapKit.framework/Modules/MapKit.swiftcrossimport/SwiftUI.swiftoverlay -load-resolved-plugin /Applications/Xcode.app/Contents/Developer/Platforms/iPhoneOS.platform/Developer/usr/lib/swift/host/plugins/libAppIntentsMacros.dylib\#/Applications/Xcode.app/Contents/Developer/Platforms/iPhoneOS.platform/Developer/usr/bin/swift-plugin-server\#AppIntentsMacros -load-resolved-plugin /Applications/Xcode.app/Contents/Developer/Platforms/iPhoneOS.platform/Developer/usr/lib/swift/host/plugins/libFoundationMacros.dylib\#/Applications/Xcode.app/Contents/Developer/Platforms/iPhoneOS.platform/Developer/usr/bin/swift-plugin-server\#FoundationMacros -load-resolved-plugin /Applications/Xcode.app/Contents/Developer/Platforms/iPhoneOS.platform/Developer/usr/lib/swift/host/plugins/libObservationMacros.dylib\#/Applications/Xcode.app/Contents/Developer/Platforms/iPhoneOS.platform/Developer/usr/bin/swift-plugin-server\#ObservationMacros -load-resolved-plugin /Applications/Xcode.app/Contents/Developer/Platforms/iPhoneOS.platform/Developer/usr/lib/swift/host/plugins/libPreviewsMacros.dylib\#/Applications/Xcode.app/Contents/Developer/Platforms/iPhoneOS.platform/Developer/usr/bin/swift-plugin-server\#PreviewsMacros -load-resolved-plugin /Applications/Xcode.app/Contents/Developer/Platforms/iPhoneOS.platform/Developer/usr/lib/swift/host/plugins/libSwiftMacros.dylib\#/Applications/Xcode.app/Contents/Developer/Platforms/iPhoneOS.platform/Developer/usr/bin/swift-plugin-server\#SwiftMacros -load-resolved-plugin /Applications/Xcode.app/Contents/Developer/Platforms/iPhoneOS.platform/Developer/usr/lib/swift/host/plugins/libSwiftUIMacros.dylib\#/Applications/Xcode.app/Contents/Developer/Platforms/iPhoneOS.platform/Developer/usr/bin/swift-plugin-server\#SwiftUIMacros -disable-implicit-swift-modules -Xcc -fno-implicit-modules -Xcc -fno-implicit-module-maps -explicit-swift-module-map-file /Users/javintrivedi/Library/Developer/Xcode/DerivedData/EchoSaath-egqhkqzuadmujifhknbavknbpflp/Build/Intermediates.noindex/EchoSaath.build/Debug-iphonesimulator/EchoSaath.build/Objects-normal/arm64/EchoSaath-dependencies-1.json -Xllvm -aarch64-use-tbi -enable-objc-interop -sdk /Applications/Xcode.app/Contents/Developer/Platforms/iPhoneSimulator.platform/Developer/SDKs/iPhoneSimulator26.4.sdk -I /Users/javintrivedi/Library/Developer/Xcode/DerivedData/EchoSaath-egqhkqzuadmujifhknbavknbpflp/Build/Products/Debug-iphonesimulator -F /Users/javintrivedi/Library/Developer/Xcode/DerivedData/EchoSaath-egqhkqzuadmujifhknbavknbpflp/Build/Products/Debug-iphonesimulator -no-color-diagnostics -Xcc -fno-color-diagnostics -enable-testing -g -debug-info-format\=dwarf -dwarf-version\=5 -module-cache-path /Users/javintrivedi/Library/Developer/Xcode/DerivedData/EchoSaath-egqhkqzuadmujifhknbavknbpflp/Build/Intermediates.noindex/SwiftExplicitPrecompiledModules -swift-version 5 -Onone -D DEBUG -serialize-debugging-options -const-gather-protocols-file /Users/javintrivedi/Library/Developer/Xcode/DerivedData/EchoSaath-egqhkqzuadmujifhknbavknbpflp/Build/Intermediates.noindex/EchoSaath.build/Debug-iphonesimulator/EchoSaath.build/Objects-normal/arm64/EchoSaath_const_extract_protocols.json -enable-upcoming-feature DisableOutwardActorInference -enable-upcoming-feature InferSendableFromCaptures -enable-upcoming-feature GlobalActorIsolatedTypesUsability -enable-upcoming-feature MemberImportVisibility -enable-upcoming-feature InferIsolatedConformances -enable-upcoming-feature NonisolatedNonsendingByDefault -enable-experimental-feature DebugDescriptionMacro -enable-bare-slash-regex -default-isolation\=MainActor -empty-abi-descriptor -validate-clang-modules-once -clang-build-session-file /Users/javintrivedi/Library/Developer/Xcode/DerivedData/ModuleCache.noindex/Session.modulevalidation -Xcc -working-directory -Xcc /Users/javintrivedi/Documents/xcode/EchoSaath -enable-anonymous-context-mangled-names -file-compilation-dir /Users/javintrivedi/Documents/xcode/EchoSaath -Xcc -D_LIBCPP_HARDENING_MODE\=_LIBCPP_HARDENING_MODE_DEBUG -Xcc -ivfsstatcache -Xcc /Users/javintrivedi/Library/Developer/Xcode/DerivedData/SDKStatCaches.noindex/iphonesimulator26.4-23E237-686eebb5dc1d8ecb277353a59184f4aa.sdkstatcache -Xcc -I/Users/javintrivedi/Library/Developer/Xcode/DerivedData/EchoSaath-egqhkqzuadmujifhknbavknbpflp/Build/Intermediates.noindex/EchoSaath.build/Debug-iphonesimulator/EchoSaath.build/swift-overrides.hmap -Xcc -iquote -Xcc /Users/javintrivedi/Library/Developer/Xcode/DerivedData/EchoSaath-egqhkqzuadmujifhknbavknbpflp/Build/Intermediates.noindex/EchoSaath.build/Debug-iphonesimulator/EchoSaath.build/EchoSaath-generated-files.hmap -Xcc -I/Users/javintrivedi/Library/Developer/Xcode/DerivedData/EchoSaath-egqhkqzuadmujifhknbavknbpflp/Build/Intermediates.noindex/EchoSaath.build/Debug-iphonesimulator/EchoSaath.build/EchoSaath-own-target-headers.hmap -Xcc -I/Users/javintrivedi/Library/Developer/Xcode/DerivedData/EchoSaath-egqhkqzuadmujifhknbavknbpflp/Build/Intermediates.noindex/EchoSaath.build/Debug-iphonesimulator/EchoSaath.build/EchoSaath-all-target-headers.hmap -Xcc -iquote -Xcc /Users/javintrivedi/Library/Developer/Xcode/DerivedData/EchoSaath-egqhkqzuadmujifhknbavknbpflp/Build/Intermediates.noindex/EchoSaath.build/Debug-iphonesimulator/EchoSaath.build/EchoSaath-project-headers.hmap -Xcc -I/Users/javintrivedi/Library/Developer/Xcode/DerivedData/EchoSaath-egqhkqzuadmujifhknbavknbpflp/Build/Products/Debug-iphonesimulator/include -Xcc -I/Users/javintrivedi/Library/Developer/Xcode/DerivedData/EchoSaath-egqhkqzuadmujifhknbavknbpflp/Build/Intermediates.noindex/EchoSaath.build/Debug-iphonesimulator/EchoSaath.build/DerivedSources-normal/arm64 -Xcc -I/Users/javintrivedi/Library/Developer/Xcode/DerivedData/EchoSaath-egqhkqzuadmujifhknbavknbpflp/Build/Intermediates.noindex/EchoSaath.build/Debug-iphonesimulator/EchoSaath.build/DerivedSources/arm64 -Xcc -I/Users/javintrivedi/Library/Developer/Xcode/DerivedData/EchoSaath-egqhkqzuadmujifhknbavknbpflp/Build/Intermediates.noindex/EchoSaath.build/Debug-iphonesimulator/EchoSaath.build/DerivedSources -Xcc -DDEBUG\=1 -no-auto-bridging-header-chaining -module-name EchoSaath -frontend-parseable-output -disable-clang-spi -clang-target arm64-apple-ios26.4-simulator -target-sdk-version 26.4 -target-sdk-name iphonesimulator26.4 -in-process-plugin-server-path /Applications/Xcode.app/Contents/Developer/Toolchains/XcodeDefault.xctoolchain/usr/lib/swift/host/libSwiftInProcPluginServer.dylib -emit-module-doc-path /Users/javintrivedi/Library/Developer/Xcode/DerivedData/EchoSaath-egqhkqzuadmujifhknbavknbpflp/Build/Intermediates.noindex/EchoSaath.build/Debug-iphonesimulator/EchoSaath.build/Objects-normal/arm64/EchoSaath.swiftdoc -emit-module-source-info-path /Users/javintrivedi/Library/Developer/Xcode/DerivedData/EchoSaath-egqhkqzuadmujifhknbavknbpflp/Build/Intermediates.noindex/EchoSaath.build/Debug-iphonesimulator/EchoSaath.build/Objects-normal/arm64/EchoSaath.swiftsourceinfo -emit-objc-header-path /Users/javintrivedi/Library/Developer/Xcode/DerivedData/EchoSaath-egqhkqzuadmujifhknbavknbpflp/Build/Intermediates.noindex/EchoSaath.build/Debug-iphonesimulator/EchoSaath.build/Objects-normal/arm64/EchoSaath-Swift.h -serialize-diagnostics-path /Users/javintrivedi/Library/Developer/Xcode/DerivedData/EchoSaath-egqhkqzuadmujifhknbavknbpflp/Build/Intermediates.noindex/EchoSaath.build/Debug-iphonesimulator/EchoSaath.build/Objects-normal/arm64/EchoSaath-primary-emit-module.dia -emit-dependencies-path /Users/javintrivedi/Library/Developer/Xcode/DerivedData/EchoSaath-egqhkqzuadmujifhknbavknbpflp/Build/Intermediates.noindex/EchoSaath.build/Debug-iphonesimulator/EchoSaath.build/Objects-normal/arm64/EchoSaath-primary-emit-module.d -o /Users/javintrivedi/Library/Developer/Xcode/DerivedData/EchoSaath-egqhkqzuadmujifhknbavknbpflp/Build/Intermediates.noindex/EchoSaath.build/Debug-iphonesimulator/EchoSaath.build/Objects-normal/arm64/EchoSaath.swiftmodule -emit-abi-descriptor-path /Users/javintrivedi/Library/Developer/Xcode/DerivedData/EchoSaath-egqhkqzuadmujifhknbavknbpflp/Build/Intermediates.noindex/EchoSaath.build/Debug-iphonesimulator/EchoSaath.build/Objects-normal/arm64/EchoSaath.abi.json

EmitSwiftModule normal arm64 (in target 'EchoSaath' from project 'EchoSaath')
    cd /Users/javintrivedi/Documents/xcode/EchoSaath
    
/Users/javintrivedi/Documents/xcode/EchoSaath/EchoSaath/Main/UserProfile.swift:34:13: error: type 'UserProfileStore' does not conform to protocol 'ObservableObject'
final class UserProfileStore: ObservableObject {
            ^
/Users/javintrivedi/Documents/xcode/EchoSaath/EchoSaath/Main/UserProfile.swift:34:13: note: add stubs for conformance
final class UserProfileStore: ObservableObject {
            ^
Combine.ObservableObject.objectWillChange:2:5: note: protocol requires property 'objectWillChange' with type 'Self.ObjectWillChangePublisher'
var objectWillChange: Self.ObjectWillChangePublisher { get }}
    ^
/Users/javintrivedi/Documents/xcode/EchoSaath/EchoSaath/Main/UserProfile.swift:37:6: error: initializer 'init(wrappedValue:)' is not available due to missing import of defining module 'Combine'
    @Published var profile: UserProfile {
     ^
/Users/javintrivedi/Documents/xcode/EchoSaath/EchoSaath/Main/UserProfile.swift:3:1: note: add import of module 'Combine'

^
/Users/javintrivedi/Documents/xcode/EchoSaath/EchoSaath/Setup/MonitoringSetupView.swift:8:105: warning: 'undetermined' was deprecated in iOS 17.0: renamed to 'AVAudioApplication.recordPermission.undetermined'
    @State private var micAuthorized: AVAudioSession.RecordPermission = AVAudioSession.RecordPermission.undetermined
                                                                                                        ^
/Users/javintrivedi/Documents/xcode/EchoSaath/EchoSaath/Setup/MonitoringSetupView.swift:8:105: note: use 'AVAudioApplication.recordPermission.undetermined' instead
    @State private var micAuthorized: AVAudioSession.RecordPermission = AVAudioSession.RecordPermission.undetermined
                                                                                                        ^~~~~~~~~~~~
                                                                                                        AVAudioApplication.recordPermission.undetermined

SwiftCompile normal arm64 Compiling\ TrustedContactsStore.swift,\ UserProfile.swift,\ WidgetDataProvider.swift,\ ControlView.swift,\ EvidenceView.swift,\ SilentSafetyView.swift /Users/javintrivedi/Documents/xcode/EchoSaath/EchoSaath/Main/TrustedContactsStore.swift /Users/javintrivedi/Documents/xcode/EchoSaath/EchoSaath/Main/UserProfile.swift /Users/javintrivedi/Documents/xcode/EchoSaath/EchoSaath/Main/WidgetDataProvider.swift /Users/javintrivedi/Documents/xcode/EchoSaath/EchoSaath/Onboarding/ControlView.swift /Users/javintrivedi/Documents/xcode/EchoSaath/EchoSaath/Onboarding/EvidenceView.swift /Users/javintrivedi/Documents/xcode/EchoSaath/EchoSaath/Onboarding/SilentSafetyView.swift (in target 'EchoSaath' from project 'EchoSaath')

SwiftCompile normal arm64 /Users/javintrivedi/Documents/xcode/EchoSaath/EchoSaath/Main/TrustedContactsStore.swift (in target 'EchoSaath' from project 'EchoSaath')
    cd /Users/javintrivedi/Documents/xcode/EchoSaath
    

SwiftCompile normal arm64 /Users/javintrivedi/Documents/xcode/EchoSaath/EchoSaath/Main/UserProfile.swift (in target 'EchoSaath' from project 'EchoSaath')
    cd /Users/javintrivedi/Documents/xcode/EchoSaath
    

SwiftCompile normal arm64 /Users/javintrivedi/Documents/xcode/EchoSaath/EchoSaath/Main/WidgetDataProvider.swift (in target 'EchoSaath' from project 'EchoSaath')
    cd /Users/javintrivedi/Documents/xcode/EchoSaath
    

SwiftCompile normal arm64 /Users/javintrivedi/Documents/xcode/EchoSaath/EchoSaath/Onboarding/ControlView.swift (in target 'EchoSaath' from project 'EchoSaath')
    cd /Users/javintrivedi/Documents/xcode/EchoSaath
    

SwiftCompile normal arm64 /Users/javintrivedi/Documents/xcode/EchoSaath/EchoSaath/Onboarding/EvidenceView.swift (in target 'EchoSaath' from project 'EchoSaath')
    cd /Users/javintrivedi/Documents/xcode/EchoSaath
    

SwiftCompile normal arm64 /Users/javintrivedi/Documents/xcode/EchoSaath/EchoSaath/Onboarding/SilentSafetyView.swift (in target 'EchoSaath' from project 'EchoSaath')
    cd /Users/javintrivedi/Documents/xcode/EchoSaath
    

SwiftCompile normal arm64 Compiling\ WelcomeView.swift,\ WhyEchoSaathView.swift,\ AddContactView.swift,\ AuthView.swift,\ AuthViewModel.swift /Users/javintrivedi/Documents/xcode/EchoSaath/EchoSaath/Onboarding/WelcomeView.swift /Users/javintrivedi/Documents/xcode/EchoSaath/EchoSaath/Onboarding/WhyEchoSaathView.swift /Users/javintrivedi/Documents/xcode/EchoSaath/EchoSaath/Setup/AddContactView.swift /Users/javintrivedi/Documents/xcode/EchoSaath/EchoSaath/Setup/AuthView.swift /Users/javintrivedi/Documents/xcode/EchoSaath/EchoSaath/Setup/AuthViewModel.swift (in target 'EchoSaath' from project 'EchoSaath')

SwiftCompile normal arm64 /Users/javintrivedi/Documents/xcode/EchoSaath/EchoSaath/Onboarding/WelcomeView.swift (in target 'EchoSaath' from project 'EchoSaath')
    cd /Users/javintrivedi/Documents/xcode/EchoSaath
    

SwiftCompile normal arm64 /Users/javintrivedi/Documents/xcode/EchoSaath/EchoSaath/Onboarding/WhyEchoSaathView.swift (in target 'EchoSaath' from project 'EchoSaath')
    cd /Users/javintrivedi/Documents/xcode/EchoSaath
    

SwiftCompile normal arm64 /Users/javintrivedi/Documents/xcode/EchoSaath/EchoSaath/Setup/AddContactView.swift (in target 'EchoSaath' from project 'EchoSaath')
    cd /Users/javintrivedi/Documents/xcode/EchoSaath
    

SwiftCompile normal arm64 /Users/javintrivedi/Documents/xcode/EchoSaath/EchoSaath/Setup/AuthView.swift (in target 'EchoSaath' from project 'EchoSaath')
    cd /Users/javintrivedi/Documents/xcode/EchoSaath
    

SwiftCompile normal arm64 /Users/javintrivedi/Documents/xcode/EchoSaath/EchoSaath/Setup/AuthViewModel.swift (in target 'EchoSaath' from project 'EchoSaath')
    cd /Users/javintrivedi/Documents/xcode/EchoSaath
    

SwiftCompile normal arm64 Compiling\ MainTabView.swift,\ Models.swift,\ SensorManager.swift,\ SettingsView.swift,\ ShakeDetector.swift,\ TimelineView.swift /Users/javintrivedi/Documents/xcode/EchoSaath/EchoSaath/Main/MainTabView.swift /Users/javintrivedi/Documents/xcode/EchoSaath/EchoSaath/Main/Models.swift /Users/javintrivedi/Documents/xcode/EchoSaath/EchoSaath/Main/SensorManager.swift /Users/javintrivedi/Documents/xcode/EchoSaath/EchoSaath/Main/SettingsView.swift /Users/javintrivedi/Documents/xcode/EchoSaath/EchoSaath/Main/ShakeDetector.swift /Users/javintrivedi/Documents/xcode/EchoSaath/EchoSaath/Main/TimelineView.swift (in target 'EchoSaath' from project 'EchoSaath')
SwiftCompile normal arm64 /Users/javintrivedi/Documents/xcode/EchoSaath/EchoSaath/Main/MainTabView.swift (in target 'EchoSaath' from project 'EchoSaath')
    cd /Users/javintrivedi/Documents/xcode/EchoSaath
    

SwiftCompile normal arm64 /Users/javintrivedi/Documents/xcode/EchoSaath/EchoSaath/Main/Models.swift (in target 'EchoSaath' from project 'EchoSaath')
    cd /Users/javintrivedi/Documents/xcode/EchoSaath
    

SwiftCompile normal arm64 /Users/javintrivedi/Documents/xcode/EchoSaath/EchoSaath/Main/SensorManager.swift (in target 'EchoSaath' from project 'EchoSaath')
    cd /Users/javintrivedi/Documents/xcode/EchoSaath
    

SwiftCompile normal arm64 /Users/javintrivedi/Documents/xcode/EchoSaath/EchoSaath/Main/SettingsView.swift (in target 'EchoSaath' from project 'EchoSaath')
    cd /Users/javintrivedi/Documents/xcode/EchoSaath
    

SwiftCompile normal arm64 /Users/javintrivedi/Documents/xcode/EchoSaath/EchoSaath/Main/ShakeDetector.swift (in target 'EchoSaath' from project 'EchoSaath')
    cd /Users/javintrivedi/Documents/xcode/EchoSaath
    

SwiftCompile normal arm64 /Users/javintrivedi/Documents/xcode/EchoSaath/EchoSaath/Main/TimelineView.swift (in target 'EchoSaath' from project 'EchoSaath')
    cd /Users/javintrivedi/Documents/xcode/EchoSaath
    

SwiftCompile normal arm64 Compiling\ RouteStore.swift,\ RouteTracker.swift,\ AlertManager.swift,\ AlertsView.swift,\ EventProcessor.swift,\ HomeView.swift /Users/javintrivedi/Documents/xcode/EchoSaath/EchoSaath/Main/RouteLearning/RouteStore.swift /Users/javintrivedi/Documents/xcode/EchoSaath/EchoSaath/Main/RouteLearning/RouteTracker.swift /Users/javintrivedi/Documents/xcode/EchoSaath/EchoSaath/Main/AlertManager.swift /Users/javintrivedi/Documents/xcode/EchoSaath/EchoSaath/Main/AlertsView.swift /Users/javintrivedi/Documents/xcode/EchoSaath/EchoSaath/Main/EventProcessor.swift /Users/javintrivedi/Documents/xcode/EchoSaath/EchoSaath/Main/HomeView.swift (in target 'EchoSaath' from project 'EchoSaath')
SwiftCompile normal arm64 /Users/javintrivedi/Documents/xcode/EchoSaath/EchoSaath/Main/RouteLearning/RouteStore.swift (in target 'EchoSaath' from project 'EchoSaath')
    cd /Users/javintrivedi/Documents/xcode/EchoSaath
    

SwiftCompile normal arm64 /Users/javintrivedi/Documents/xcode/EchoSaath/EchoSaath/Main/RouteLearning/RouteTracker.swift (in target 'EchoSaath' from project 'EchoSaath')
    cd /Users/javintrivedi/Documents/xcode/EchoSaath
    

SwiftCompile normal arm64 /Users/javintrivedi/Documents/xcode/EchoSaath/EchoSaath/Main/AlertManager.swift (in target 'EchoSaath' from project 'EchoSaath')
    cd /Users/javintrivedi/Documents/xcode/EchoSaath
    

SwiftCompile normal arm64 /Users/javintrivedi/Documents/xcode/EchoSaath/EchoSaath/Main/AlertsView.swift (in target 'EchoSaath' from project 'EchoSaath')
    cd /Users/javintrivedi/Documents/xcode/EchoSaath
    

SwiftCompile normal arm64 /Users/javintrivedi/Documents/xcode/EchoSaath/EchoSaath/Main/EventProcessor.swift (in target 'EchoSaath' from project 'EchoSaath')
    cd /Users/javintrivedi/Documents/xcode/EchoSaath
    

SwiftCompile normal arm64 /Users/javintrivedi/Documents/xcode/EchoSaath/EchoSaath/Main/HomeView.swift (in target 'EchoSaath' from project 'EchoSaath')
    cd /Users/javintrivedi/Documents/xcode/EchoSaath
    

SwiftCompile normal arm64 Compiling\ EchoSaathApp.swift,\ Item+CoreDataClass.swift,\ Item+CoreDataProperties.swift,\ EchoSaath+CoreDataModel.swift,\ GeneratedAssetSymbols.swift /Users/javintrivedi/Documents/xcode/EchoSaath/EchoSaath/EchoSaathApp.swift /Users/javintrivedi/Library/Developer/Xcode/DerivedData/EchoSaath-egqhkqzuadmujifhknbavknbpflp/Build/Intermediates.noindex/EchoSaath.build/Debug-iphonesimulator/EchoSaath.build/DerivedSources/CoreDataGenerated/EchoSaath/Item+CoreDataClass.swift /Users/javintrivedi/Library/Developer/Xcode/DerivedData/EchoSaath-egqhkqzuadmujifhknbavknbpflp/Build/Intermediates.noindex/EchoSaath.build/Debug-iphonesimulator/EchoSaath.build/DerivedSources/CoreDataGenerated/EchoSaath/Item+CoreDataProperties.swift /Users/javintrivedi/Library/Developer/Xcode/DerivedData/EchoSaath-egqhkqzuadmujifhknbavknbpflp/Build/Intermediates.noindex/EchoSaath.build/Debug-iphonesimulator/EchoSaath.build/DerivedSources/CoreDataGenerated/EchoSaath/EchoSaath+CoreDataModel.swift /Users/javintrivedi/Library/Developer/Xcode/DerivedData/EchoSaath-egqhkqzuadmujifhknbavknbpflp/Build/Intermediates.noindex/EchoSaath.build/Debug-iphonesimulator/EchoSaath.build/DerivedSources/GeneratedAssetSymbols.swift (in target 'EchoSaath' from project 'EchoSaath')

SwiftCompile normal arm64 /Users/javintrivedi/Documents/xcode/EchoSaath/EchoSaath/EchoSaathApp.swift (in target 'EchoSaath' from project 'EchoSaath')
    cd /Users/javintrivedi/Documents/xcode/EchoSaath
    

SwiftCompile normal arm64 /Users/javintrivedi/Library/Developer/Xcode/DerivedData/EchoSaath-egqhkqzuadmujifhknbavknbpflp/Build/Intermediates.noindex/EchoSaath.build/Debug-iphonesimulator/EchoSaath.build/DerivedSources/CoreDataGenerated/EchoSaath/Item+CoreDataClass.swift (in target 'EchoSaath' from project 'EchoSaath')
    cd /Users/javintrivedi/Documents/xcode/EchoSaath
    

SwiftCompile normal arm64 /Users/javintrivedi/Library/Developer/Xcode/DerivedData/EchoSaath-egqhkqzuadmujifhknbavknbpflp/Build/Intermediates.noindex/EchoSaath.build/Debug-iphonesimulator/EchoSaath.build/DerivedSources/CoreDataGenerated/EchoSaath/Item+CoreDataProperties.swift (in target 'EchoSaath' from project 'EchoSaath')
    cd /Users/javintrivedi/Documents/xcode/EchoSaath
    

SwiftCompile normal arm64 /Users/javintrivedi/Library/Developer/Xcode/DerivedData/EchoSaath-egqhkqzuadmujifhknbavknbpflp/Build/Intermediates.noindex/EchoSaath.build/Debug-iphonesimulator/EchoSaath.build/DerivedSources/CoreDataGenerated/EchoSaath/EchoSaath+CoreDataModel.swift (in target 'EchoSaath' from project 'EchoSaath')
    cd /Users/javintrivedi/Documents/xcode/EchoSaath
    

SwiftCompile normal arm64 /Users/javintrivedi/Library/Developer/Xcode/DerivedData/EchoSaath-egqhkqzuadmujifhknbavknbpflp/Build/Intermediates.noindex/EchoSaath.build/Debug-iphonesimulator/EchoSaath.build/DerivedSources/GeneratedAssetSymbols.swift (in target 'EchoSaath' from project 'EchoSaath')
    cd /Users/javintrivedi/Documents/xcode/EchoSaath
    

SwiftExplicitDependencyGeneratePcm x86_64 /Users/javintrivedi/Library/Developer/Xcode/DerivedData/ModuleCache.noindex/_Builtin_stddef-CGD3YY70CF8K1IPDV644Q5CO7.pcm

SwiftDriverJobDiscovery normal arm64 Compiling EchoSaathApp.swift, Item+CoreDataClass.swift, Item+CoreDataProperties.swift, EchoSaath+CoreDataModel.swift, GeneratedAssetSymbols.swift (in target 'EchoSaath' from project 'EchoSaath')

SwiftExplicitDependencyGeneratePcm x86_64 /Users/javintrivedi/Library/Developer/Xcode/DerivedData/ModuleCache.noindex/SwiftShims-ELYQ1LH9URDCO36M3NZ3L9245.pcm

** BUILD FAILED **


The following build commands failed:
	SwiftEmitModule normal arm64 Emitting\ module\ for\ EchoSaath (in target 'EchoSaath' from project 'EchoSaath')
	EmitSwiftModule normal arm64 (in target 'EchoSaath' from project 'EchoSaath')
	Building project EchoSaath with scheme EchoSaath
(3 failures)
